stm32f1xx_hal_uart.c:247:19:HAL_UART_Init	16	static
stm32f1xx_hal_uart.c:309:19:HAL_HalfDuplex_Init	16	static
stm32f1xx_hal_uart.c:369:19:HAL_LIN_Init	16	static
stm32f1xx_hal_uart.c:435:19:HAL_MultiProcessor_Init	24	static
stm32f1xx_hal_uart.c:497:19:HAL_UART_DeInit	16	static
stm32f1xx_hal_uart.c:535:14:HAL_UART_MspInit	16	static
stm32f1xx_hal_uart.c:550:14:HAL_UART_MspDeInit	16	static
stm32f1xx_hal_uart.c:629:19:HAL_UART_Transmit	32	static
stm32f1xx_hal_uart.c:723:19:HAL_UART_Receive	32	static
stm32f1xx_hal_uart.c:822:19:HAL_UART_Transmit_IT	32	static
stm32f1xx_hal_uart.c:874:19:HAL_UART_Receive_IT	32	static
stm32f1xx_hal_uart.c:932:19:HAL_UART_Transmit_DMA	32	static
stm32f1xx_hal_uart.c:1004:19:HAL_UART_Receive_DMA	32	static
stm32f1xx_hal_uart.c:1068:19:HAL_UART_DMAPause	16	static
stm32f1xx_hal_uart.c:1108:19:HAL_UART_DMAResume	24	static
stm32f1xx_hal_uart.c:1152:19:HAL_UART_DMAStop	16	static
stm32f1xx_hal_uart.c:1185:6:HAL_UART_IRQHandler	32	static
stm32f1xx_hal_uart.c:1261:14:HAL_UART_TxCpltCallback	16	static
stm32f1xx_hal_uart.c:1276:14:HAL_UART_TxHalfCpltCallback	16	static
stm32f1xx_hal_uart.c:1291:13:HAL_UART_RxCpltCallback	16	static
stm32f1xx_hal_uart.c:1306:13:HAL_UART_RxHalfCpltCallback	16	static
stm32f1xx_hal_uart.c:1321:14:HAL_UART_ErrorCallback	16	static
stm32f1xx_hal_uart.c:1359:19:HAL_LIN_SendBreak	16	static
stm32f1xx_hal_uart.c:1386:19:HAL_MultiProcessor_EnterMuteMode	16	static
stm32f1xx_hal_uart.c:1413:19:HAL_MultiProcessor_ExitMuteMode	16	static
stm32f1xx_hal_uart.c:1440:19:HAL_HalfDuplex_EnableTransmitter	16	static
stm32f1xx_hal_uart.c:1466:19:HAL_HalfDuplex_EnableReceiver	16	static
stm32f1xx_hal_uart.c:1514:23:HAL_UART_GetState	16	static
stm32f1xx_hal_uart.c:1525:10:HAL_UART_GetError	16	static
stm32f1xx_hal_uart.c:1548:13:UART_DMATransmitCplt	24	static
stm32f1xx_hal_uart.c:1576:13:UART_DMATxHalfCplt	24	static
stm32f1xx_hal_uart.c:1589:13:UART_DMAReceiveCplt	24	static
stm32f1xx_hal_uart.c:1620:13:UART_DMARxHalfCplt	24	static
stm32f1xx_hal_uart.c:1633:13:UART_DMAError	24	static
stm32f1xx_hal_uart.c:1652:26:UART_WaitOnFlagUntilTimeout	32	static
stm32f1xx_hal_uart.c:1719:26:UART_Transmit_IT	24	static
stm32f1xx_hal_uart.c:1768:26:UART_EndTransmit_IT	16	static
stm32f1xx_hal_uart.c:1794:26:UART_Receive_IT	24	static
stm32f1xx_hal_uart.c:1865:13:UART_SetConfig	32	static
